10.0519 	INFO 	Loaded monitor calibration from ['2025_08_11 15:22']
10.0605 	WARNING 	User requested fullscreen with size [1280  720], but screen is actually [1920, 1080]. Using actual size
10.4937 	INFO 	Using renderer 'Intel(R) Iris(R) Xe Graphics' for graphics
10.4937 	INFO 	OpenGL version supported by driver is 4..
10.5454 	EXP 	Created window1 = Window(allowGUI=True, allowStencil=True, autoLog=True, backendConf=UNKNOWN, backgroundFit=<method-wrapper '__getattribute__' of attributeSetter object at 0x000001575DC59900>, backgroundImage=<method-wrapper '__getattribute__' of attributeSetter object at 0x000001575DC598A0>, bitsMode=UNKNOWN, blendMode='avg', bpc=(8, 8, 8), color=array([0, 0, 0]), colorSpace='rgb', depthBits=8, fullscr=True, gamma=None, gammaErrorPolicy='raise', infoMsg=UNKNOWN, lms=UNKNOWN, monitor=<psychopy.monitors.calibTools.Monitor object at 0x000001575DD07250>, multiSample=False, name='window1', numSamples=2, pos=[np.float64(0.0), np.float64(0.0)], screen=0, size=array([1920, 1080]), stencilBits=8, stereo=False, title='PsychoPy', units='height', useFBO=True, useRetina=False, viewOri=0.0, viewPos=None, viewScale=None, waitBlanking=True, winType='pyglet')
10.5454 	EXP 	window1: backgroundImage = ''
10.5455 	EXP 	window1: backgroundFit = 'none'
10.9396 	EXP 	window1: Attempting to measure frame rate of screen (0) ...
10.9397 	EXP 	window1: recordFrameIntervals = False
11.0710 	EXP 	window1: recordFrameIntervals = True
11.2543 	EXP 	Screen (0) actual frame rate measured at 60.05Hz
11.2543 	EXP 	window1: recordFrameIntervals = False
11.4904 	INFO 	keyboard.Keyboard is using ptb backend.
11.4906 	EXP 	WordPriming_Experiment: status = STARTED
11.5103 	EXP 	Created StudyText = TextStim(__class__=<class 'psychopy.visual.text.TextStim'>, alignHoriz=method-wrapper(...), alignText='center', alignVert=method-wrapper(...), anchorHoriz='center', anchorVert='center', antialias=True, autoDraw=False, autoLog=True, bold=False, color=array([1., 1., 1.]), colorSpace='rgb', contrast=1.0, depth=0.0, draggable=False, flipHoriz=False, flipVert=False, font='Arial', fontFiles=[], height=0.05, italic=False, languageStyle='LTR', name='StudyText', opacity=1, ori=0.0, pos=array([0., 0.]), rgb=UNKNOWN, text='', units='height', win=Window(...), wrapWidth=1)
11.6119 	EXP 	Created Studyslider = Slider(__class__=<class 'psychopy.visual.slider.Slider'>, autoDraw=False, autoLog=True, borderColor=None, color=None, colorSpace='rgb', depth=-1, fillColor=None, flip=False, font='Noto Sans', granularity=0.0, labelColor=None, labelHeight=np.float64(0.05), labelWrapWidth=None, labels=['Familiar', 'Unfamiliar'], lineColor=None, markerColor=None, name='Studyslider', opacity=None, ori=0.0, pos=array([ 0. , -0.3]), readOnly=False, self=UNKNOWN, size=array([1. , 0.1]), startValue=None, style='rating', styleTweaks=[], ticks=array([1, 2, 3, 4, 5]), units='height', win=Window(...))
11.6126 	EXP 	Created TestText = TextStim(__class__=<class 'psychopy.visual.text.TextStim'>, alignHoriz=method-wrapper(...), alignText='center', alignVert=method-wrapper(...), anchorHoriz='center', anchorVert='center', antialias=True, autoDraw=False, autoLog=True, bold=False, color=array([1., 1., 1.]), colorSpace='rgb', contrast=1.0, depth=0.0, draggable=False, flipHoriz=False, flipVert=False, font='Arial', fontFiles=[], height=0.05, italic=False, languageStyle='LTR', name='TestText', opacity=1, ori=0.0, pos=array([0. , 0.3]), rgb=UNKNOWN, text='', units='height', win=Window(...), wrapWidth=1)
11.6745 	EXP 	Created submit_text = TextStim(__class__=<class 'psychopy.visual.text.TextStim'>, alignHoriz=method-wrapper(...), alignText='center', alignVert=method-wrapper(...), anchorHoriz='center', anchorVert='center', antialias=True, autoDraw=False, autoLog=True, bold=False, color=array([1., 1., 1.]), colorSpace='rgb', contrast=1.0, depth=-2.0, draggable=False, flipHoriz=False, flipVert=False, font='Arial', fontFiles=[], height=np.float64(0.05), italic=False, languageStyle='LTR', name='submit_text', opacity=1, ori=0.0, pos=array([ 0. , -0.3]), rgb=UNKNOWN, text='Click to Submit', units='height', win=Window(...), wrapWidth=1)
0.0017 	EXP 	Studyslider: autoLog = True
0.0017 	EXP 	Studyslider: styleTweaks = []
0.0017 	EXP 	Studyslider: styleTweaks = []
0.0017 	EXP 	Studyslider: styleTweaks = []
0.0017 	EXP 	Studyslider: styleTweaks = []
0.0017 	EXP 	Studyslider: contrast = 1.0
0.0017 	EXP 	Studyslider: markerPos = None
0.0017 	EXP 	Studyslider: autoLog = True
0.0017 	EXP 	textbox: autoLog = True
0.0053 	EXP 	Imported C:/Users/Darsh Modi/OneDrive/Documents/AU/PSY310/WordPriming/ConditionsFile_R1.csv as conditions, 15 conditions, 1 params
0.0055 	EXP 	New trial (rep=0, index=0): <Trial 0 (0 in rep 0) data={'Study_word': 'Poster', 'thisN': 0, 'thisTrialN': 0, 'thisRepN': 0}>
0.0164 	EXP 	StudyText: height = np.float64(0.05)
0.0164 	EXP 	StudyText: height = np.float64(0.05)
0.0164 	EXP 	StudyText: height = np.float64(0.05)
0.0164 	EXP 	StudyText: text = 'Poster'
0.0164 	EXP 	Studyslider: markerPos = None
0.0164 	EXP 	Studyslider: markerPos = None
0.0164 	EXP 	StudyText: autoDraw = True
0.0164 	EXP 	Studyslider: autoDraw = True
1.3487 	DATA 	Mouse: Left button down, pos=(525,216)
1.3630 	EXP 	Studyslider: markerPos = np.float64(1.3888888888888888)
1.3793 	EXP 	Studyslider: markerPos = np.float64(1.3888888888888888)
1.3962 	EXP 	Studyslider: markerPos = np.float64(1.3888888888888888)
1.4130 	EXP 	Studyslider: markerPos = np.float64(1.3888888888888888)
1.4297 	EXP 	Studyslider: markerPos = np.float64(1.3888888888888888)
1.4461 	EXP 	Studyslider: markerPos = np.float64(1.3888888888888888)
1.4480 	DATA 	Mouse:  Left button up, pos=(525,216)
1.4631 	EXP 	Studyslider: markerPos = np.float64(1.3888888888888888)
1.4646 	EXP 	New trial (rep=0, index=1): <Trial 1 (1 in rep 0) data={'Study_word': 'book', 'thisN': 1, 'thisTrialN': 1, 'thisRepN': 0}>
1.4793 	EXP 	StudyText: autoDraw = False
1.4793 	EXP 	Studyslider: autoDraw = False
1.4793 	EXP 	StudyText: height = np.float64(0.05)
1.4793 	EXP 	StudyText: height = np.float64(0.05)
1.4793 	EXP 	StudyText: height = np.float64(0.05)
1.4793 	EXP 	StudyText: text = 'book'
1.4793 	EXP 	Studyslider: markerPos = None
1.4793 	EXP 	Studyslider: markerPos = None
1.4793 	EXP 	StudyText: autoDraw = True
1.4793 	EXP 	Studyslider: autoDraw = True
1.7888 	DATA 	Mouse: Left button down, pos=(440,225)
1.8128 	EXP 	Studyslider: markerPos = np.float64(1.0740740740740742)
1.8294 	EXP 	Studyslider: markerPos = np.float64(1.0740740740740742)
1.8461 	EXP 	Studyslider: markerPos = np.float64(1.0740740740740742)
1.8631 	EXP 	Studyslider: markerPos = np.float64(1.0740740740740742)
1.8796 	EXP 	Studyslider: markerPos = np.float64(1.0740740740740742)
1.8811 	DATA 	Mouse:  Left button up, pos=(440,225)
1.8961 	EXP 	Studyslider: markerPos = np.float64(1.0740740740740742)
1.8972 	EXP 	New trial (rep=0, index=2): <Trial 2 (2 in rep 0) data={'Study_word': 'Chart', 'thisN': 2, 'thisTrialN': 2, 'thisRepN': 0}>
1.9139 	EXP 	StudyText: autoDraw = False
1.9139 	EXP 	Studyslider: autoDraw = False
1.9139 	EXP 	StudyText: height = np.float64(0.05)
1.9139 	EXP 	StudyText: height = np.float64(0.05)
1.9139 	EXP 	StudyText: height = np.float64(0.05)
1.9139 	EXP 	StudyText: text = 'Chart'
1.9139 	EXP 	Studyslider: markerPos = None
1.9139 	EXP 	Studyslider: markerPos = None
1.9139 	EXP 	StudyText: autoDraw = True
1.9139 	EXP 	Studyslider: autoDraw = True
2.2331 	DATA 	Mouse: Left button down, pos=(565,230)
2.2464 	EXP 	Studyslider: markerPos = np.float64(1.537037037037037)
2.2627 	EXP 	Studyslider: markerPos = np.float64(1.537037037037037)
2.2795 	EXP 	Studyslider: markerPos = np.float64(1.537037037037037)
2.2960 	EXP 	Studyslider: markerPos = np.float64(1.537037037037037)
2.3128 	EXP 	Studyslider: markerPos = np.float64(1.537037037037037)
2.3292 	EXP 	Studyslider: markerPos = np.float64(1.537037037037037)
2.3309 	DATA 	Mouse:  Left button up, pos=(565,230)
2.3461 	EXP 	Studyslider: markerPos = np.float64(1.537037037037037)
2.3469 	EXP 	New trial (rep=0, index=3): <Trial 3 (3 in rep 0) data={'Study_word': 'Keys', 'thisN': 3, 'thisTrialN': 3, 'thisRepN': 0}>
2.3631 	EXP 	StudyText: autoDraw = False
2.3631 	EXP 	Studyslider: autoDraw = False
2.3631 	EXP 	StudyText: height = np.float64(0.05)
2.3631 	EXP 	StudyText: height = np.float64(0.05)
2.3631 	EXP 	StudyText: height = np.float64(0.05)
2.3631 	EXP 	StudyText: text = 'Keys'
2.3631 	EXP 	Studyslider: markerPos = None
2.3631 	EXP 	Studyslider: markerPos = None
2.3631 	EXP 	StudyText: autoDraw = True
2.3631 	EXP 	Studyslider: autoDraw = True
2.6808 	DATA 	Mouse: Left button down, pos=(453,227)
2.6961 	EXP 	Studyslider: markerPos = np.float64(1.1222222222222222)
2.7127 	EXP 	Studyslider: markerPos = np.float64(1.1222222222222222)
2.7296 	EXP 	Studyslider: markerPos = np.float64(1.1222222222222222)
2.7461 	EXP 	Studyslider: markerPos = np.float64(1.1222222222222222)
2.7634 	EXP 	Studyslider: markerPos = np.float64(1.1222222222222222)
2.7794 	EXP 	Studyslider: markerPos = np.float64(1.1222222222222222)
2.7810 	DATA 	Mouse:  Left button up, pos=(453,227)
2.7967 	EXP 	Studyslider: markerPos = np.float64(1.1222222222222222)
2.7977 	EXP 	New trial (rep=0, index=4): <Trial 4 (4 in rep 0) data={'Study_word': 'T-shirt', 'thisN': 4, 'thisTrialN': 4, 'thisRepN': 0}>
2.8127 	EXP 	StudyText: autoDraw = False
2.8127 	EXP 	Studyslider: autoDraw = False
2.8127 	EXP 	StudyText: height = np.float64(0.05)
2.8127 	EXP 	StudyText: height = np.float64(0.05)
2.8127 	EXP 	StudyText: height = np.float64(0.05)
2.8127 	EXP 	StudyText: text = 'T-shirt'
2.8127 	EXP 	Studyslider: markerPos = None
2.8127 	EXP 	Studyslider: markerPos = None
2.8127 	EXP 	StudyText: autoDraw = True
2.8127 	EXP 	Studyslider: autoDraw = True
3.1804 	DATA 	Mouse: Left button down, pos=(602,210)
3.1960 	EXP 	Studyslider: markerPos = np.float64(1.674074074074074)
3.2129 	EXP 	Studyslider: markerPos = np.float64(1.674074074074074)
3.2293 	EXP 	Studyslider: markerPos = np.float64(1.674074074074074)
3.2461 	EXP 	Studyslider: markerPos = np.float64(1.674074074074074)
3.2629 	EXP 	Studyslider: markerPos = np.float64(1.674074074074074)
3.2795 	EXP 	Studyslider: markerPos = np.float64(1.674074074074074)
3.2802 	DATA 	Mouse:  Left button up, pos=(602,210)
3.2960 	EXP 	Studyslider: markerPos = np.float64(1.674074074074074)
3.2967 	EXP 	New trial (rep=0, index=5): <Trial 5 (5 in rep 0) data={'Study_word': 'marble', 'thisN': 5, 'thisTrialN': 5, 'thisRepN': 0}>
3.3126 	EXP 	StudyText: autoDraw = False
3.3126 	EXP 	Studyslider: autoDraw = False
3.3126 	EXP 	StudyText: height = np.float64(0.05)
3.3126 	EXP 	StudyText: height = np.float64(0.05)
3.3126 	EXP 	StudyText: height = np.float64(0.05)
3.3126 	EXP 	StudyText: text = 'marble'
3.3126 	EXP 	Studyslider: markerPos = None
3.3126 	EXP 	Studyslider: markerPos = None
3.3126 	EXP 	StudyText: autoDraw = True
3.3126 	EXP 	Studyslider: autoDraw = True
3.6639 	DATA 	Mouse: Left button down, pos=(510,209)
3.6792 	EXP 	Studyslider: markerPos = np.float64(1.3333333333333333)
3.6961 	EXP 	Studyslider: markerPos = np.float64(1.3333333333333333)
3.7127 	EXP 	Studyslider: markerPos = np.float64(1.3333333333333333)
3.7299 	EXP 	Studyslider: markerPos = np.float64(1.3333333333333333)
3.7464 	EXP 	Studyslider: markerPos = np.float64(1.3333333333333333)
3.7481 	DATA 	Mouse:  Left button up, pos=(510,209)
3.7625 	EXP 	Studyslider: markerPos = np.float64(1.3333333333333333)
3.7634 	EXP 	New trial (rep=0, index=6): <Trial 6 (6 in rep 0) data={'Study_word': 'Laptop', 'thisN': 6, 'thisTrialN': 6, 'thisRepN': 0}>
3.7796 	EXP 	StudyText: autoDraw = False
3.7796 	EXP 	Studyslider: autoDraw = False
3.7796 	EXP 	StudyText: height = np.float64(0.05)
3.7796 	EXP 	StudyText: height = np.float64(0.05)
3.7796 	EXP 	StudyText: height = np.float64(0.05)
3.7796 	EXP 	StudyText: text = 'Laptop'
3.7796 	EXP 	Studyslider: markerPos = None
3.7796 	EXP 	Studyslider: markerPos = None
3.7796 	EXP 	StudyText: autoDraw = True
3.7796 	EXP 	Studyslider: autoDraw = True
4.1363 	DATA 	Mouse: Left button down, pos=(560,214)
4.1627 	EXP 	Studyslider: markerPos = np.float64(1.5185185185185186)
4.1793 	EXP 	Studyslider: markerPos = np.float64(1.5185185185185186)
4.1962 	EXP 	Studyslider: markerPos = np.float64(1.5185185185185186)
4.2129 	EXP 	Studyslider: markerPos = np.float64(1.5185185185185186)
4.2302 	EXP 	Studyslider: markerPos = np.float64(1.5185185185185186)
4.2463 	EXP 	Studyslider: markerPos = np.float64(1.5185185185185186)
4.2478 	DATA 	Mouse:  Left button up, pos=(560,214)
4.2628 	EXP 	Studyslider: markerPos = np.float64(1.5185185185185186)
4.2635 	EXP 	New trial (rep=0, index=7): <Trial 7 (7 in rep 0) data={'Study_word': 'board', 'thisN': 7, 'thisTrialN': 7, 'thisRepN': 0}>
4.2796 	EXP 	StudyText: autoDraw = False
4.2796 	EXP 	Studyslider: autoDraw = False
4.2796 	EXP 	StudyText: height = np.float64(0.05)
4.2796 	EXP 	StudyText: height = np.float64(0.05)
4.2796 	EXP 	StudyText: height = np.float64(0.05)
4.2796 	EXP 	StudyText: text = 'board'
4.2796 	EXP 	Studyslider: markerPos = None
4.2796 	EXP 	Studyslider: markerPos = None
4.2796 	EXP 	StudyText: autoDraw = True
4.2796 	EXP 	Studyslider: autoDraw = True
4.5638 	DATA 	Mouse: Left button down, pos=(500,214)
4.5791 	EXP 	Studyslider: markerPos = np.float64(1.2962962962962963)
4.5962 	EXP 	Studyslider: markerPos = np.float64(1.2962962962962963)
4.6129 	EXP 	Studyslider: markerPos = np.float64(1.2962962962962963)
4.6300 	EXP 	Studyslider: markerPos = np.float64(1.2962962962962963)
4.6472 	EXP 	Studyslider: markerPos = np.float64(1.2962962962962963)
4.6631 	EXP 	Studyslider: markerPos = np.float64(1.2962962962962963)
4.6796 	EXP 	Studyslider: markerPos = np.float64(1.2962962962962963)
4.6814 	DATA 	Mouse:  Left button up, pos=(500,214)
4.6961 	EXP 	Studyslider: markerPos = np.float64(1.2962962962962963)
4.6970 	EXP 	New trial (rep=0, index=8): <Trial 8 (8 in rep 0) data={'Study_word': 'Cruise', 'thisN': 8, 'thisTrialN': 8, 'thisRepN': 0}>
4.7132 	EXP 	StudyText: autoDraw = False
4.7132 	EXP 	Studyslider: autoDraw = False
4.7132 	EXP 	StudyText: height = np.float64(0.05)
4.7132 	EXP 	StudyText: height = np.float64(0.05)
4.7132 	EXP 	StudyText: height = np.float64(0.05)
4.7132 	EXP 	StudyText: text = 'Cruise'
4.7132 	EXP 	Studyslider: markerPos = None
4.7132 	EXP 	Studyslider: markerPos = None
4.7132 	EXP 	StudyText: autoDraw = True
4.7132 	EXP 	Studyslider: autoDraw = True
5.1354 	DATA 	Mouse: Left button down, pos=(605,216)
5.1627 	EXP 	Studyslider: markerPos = np.float64(1.6851851851851851)
5.1794 	EXP 	Studyslider: markerPos = np.float64(1.6851851851851851)
5.1961 	EXP 	Studyslider: markerPos = np.float64(1.6851851851851851)
5.2127 	EXP 	Studyslider: markerPos = np.float64(1.6851851851851851)
5.2302 	EXP 	Studyslider: markerPos = np.float64(1.6851851851851851)
5.2470 	EXP 	Studyslider: markerPos = np.float64(1.6851851851851851)
5.2629 	EXP 	Studyslider: markerPos = np.float64(1.6851851851851851)
5.2646 	DATA 	Mouse:  Left button up, pos=(605,216)
5.2794 	EXP 	Studyslider: markerPos = np.float64(1.6851851851851851)
5.2802 	EXP 	New trial (rep=0, index=9): <Trial 9 (9 in rep 0) data={'Study_word': 'Police', 'thisN': 9, 'thisTrialN': 9, 'thisRepN': 0}>
5.2960 	EXP 	StudyText: autoDraw = False
5.2960 	EXP 	Studyslider: autoDraw = False
5.2960 	EXP 	StudyText: height = np.float64(0.05)
5.2960 	EXP 	StudyText: height = np.float64(0.05)
5.2960 	EXP 	StudyText: height = np.float64(0.05)
5.2960 	EXP 	StudyText: text = 'Police'
5.2960 	EXP 	Studyslider: markerPos = None
5.2960 	EXP 	Studyslider: markerPos = None
5.2960 	EXP 	StudyText: autoDraw = True
5.2960 	EXP 	Studyslider: autoDraw = True
5.3342 	DATA 	Mouse: Left button down, pos=(605,216)
5.3629 	EXP 	Studyslider: markerPos = np.float64(1.6851851851851851)
5.3794 	EXP 	Studyslider: markerPos = np.float64(1.6851851851851851)
5.3962 	EXP 	Studyslider: markerPos = np.float64(1.6851851851851851)
5.3984 	DATA 	Mouse:  Left button up, pos=(605,216)
5.4129 	EXP 	Studyslider: markerPos = np.float64(1.6851851851851851)
5.4138 	EXP 	New trial (rep=0, index=10): <Trial 10 (10 in rep 0) data={'Study_word': 'mouse', 'thisN': 10, 'thisTrialN': 10, 'thisRepN': 0}>
5.4294 	EXP 	StudyText: autoDraw = False
5.4294 	EXP 	Studyslider: autoDraw = False
5.4294 	EXP 	StudyText: height = np.float64(0.05)
5.4294 	EXP 	StudyText: height = np.float64(0.05)
5.4294 	EXP 	StudyText: height = np.float64(0.05)
5.4294 	EXP 	StudyText: text = 'mouse'
5.4294 	EXP 	Studyslider: markerPos = None
5.4294 	EXP 	Studyslider: markerPos = None
5.4294 	EXP 	StudyText: autoDraw = True
5.4294 	EXP 	Studyslider: autoDraw = True
5.5652 	DATA 	Mouse: Left button down, pos=(487,219)
5.5797 	EXP 	Studyslider: markerPos = np.float64(1.2481481481481482)
5.5973 	EXP 	Studyslider: markerPos = np.float64(1.2481481481481482)
5.6126 	EXP 	Studyslider: markerPos = np.float64(1.2481481481481482)
5.6296 	EXP 	Studyslider: markerPos = np.float64(1.2481481481481482)
5.6461 	EXP 	Studyslider: markerPos = np.float64(1.2481481481481482)
5.6477 	DATA 	Mouse:  Left button up, pos=(487,219)
5.6628 	EXP 	Studyslider: markerPos = np.float64(1.2481481481481482)
5.6636 	EXP 	New trial (rep=0, index=11): <Trial 11 (11 in rep 0) data={'Study_word': 'phone', 'thisN': 11, 'thisTrialN': 11, 'thisRepN': 0}>
5.6793 	EXP 	StudyText: autoDraw = False
5.6793 	EXP 	Studyslider: autoDraw = False
5.6793 	EXP 	StudyText: height = np.float64(0.05)
5.6793 	EXP 	StudyText: height = np.float64(0.05)
5.6793 	EXP 	StudyText: height = np.float64(0.05)
5.6793 	EXP 	StudyText: text = 'phone'
5.6793 	EXP 	Studyslider: markerPos = None
5.6793 	EXP 	Studyslider: markerPos = None
5.6793 	EXP 	StudyText: autoDraw = True
5.6793 	EXP 	Studyslider: autoDraw = True
6.1481 	DATA 	Mouse: Left button down, pos=(572,220)
6.1627 	EXP 	Studyslider: markerPos = np.float64(1.5629629629629629)
6.1797 	EXP 	Studyslider: markerPos = np.float64(1.5629629629629629)
6.1967 	EXP 	Studyslider: markerPos = np.float64(1.5629629629629629)
6.2133 	EXP 	Studyslider: markerPos = np.float64(1.5629629629629629)
6.2294 	EXP 	Studyslider: markerPos = np.float64(1.5629629629629629)
6.2460 	EXP 	Studyslider: markerPos = np.float64(1.5629629629629629)
6.2525 	DATA 	Mouse:  Left button up, pos=(572,220)
6.2627 	EXP 	Studyslider: markerPos = np.float64(1.5629629629629629)
6.2792 	EXP 	Studyslider: markerPos = np.float64(1.5629629629629629)
6.2799 	EXP 	New trial (rep=0, index=12): <Trial 12 (12 in rep 0) data={'Study_word': 'cushion', 'thisN': 12, 'thisTrialN': 12, 'thisRepN': 0}>
6.2975 	EXP 	StudyText: autoDraw = False
6.2975 	EXP 	Studyslider: autoDraw = False
6.2975 	EXP 	StudyText: height = np.float64(0.05)
6.2975 	EXP 	StudyText: height = np.float64(0.05)
6.2975 	EXP 	StudyText: height = np.float64(0.05)
6.2975 	EXP 	StudyText: text = 'cushion'
6.2975 	EXP 	Studyslider: markerPos = None
6.2975 	EXP 	Studyslider: markerPos = None
6.2975 	EXP 	StudyText: autoDraw = True
6.2975 	EXP 	Studyslider: autoDraw = True
6.6141 	DATA 	Mouse: Left button down, pos=(521,221)
6.6293 	EXP 	Studyslider: markerPos = np.float64(1.374074074074074)
6.6463 	EXP 	Studyslider: markerPos = np.float64(1.374074074074074)
6.6629 	EXP 	Studyslider: markerPos = np.float64(1.374074074074074)
6.6800 	EXP 	Studyslider: markerPos = np.float64(1.374074074074074)
6.6973 	EXP 	Studyslider: markerPos = np.float64(1.374074074074074)
6.7132 	EXP 	Studyslider: markerPos = np.float64(1.374074074074074)
6.7297 	EXP 	Studyslider: markerPos = np.float64(1.374074074074074)
6.7313 	DATA 	Mouse:  Left button up, pos=(521,221)
6.7458 	EXP 	Studyslider: markerPos = np.float64(1.374074074074074)
6.7467 	EXP 	New trial (rep=0, index=13): <Trial 13 (13 in rep 0) data={'Study_word': 'Case', 'thisN': 13, 'thisTrialN': 13, 'thisRepN': 0}>
6.7626 	EXP 	StudyText: autoDraw = False
6.7626 	EXP 	Studyslider: autoDraw = False
6.7626 	EXP 	StudyText: height = np.float64(0.05)
6.7626 	EXP 	StudyText: height = np.float64(0.05)
6.7626 	EXP 	StudyText: height = np.float64(0.05)
6.7626 	EXP 	StudyText: text = 'Case'
6.7626 	EXP 	Studyslider: markerPos = None
6.7626 	EXP 	Studyslider: markerPos = None
6.7626 	EXP 	StudyText: autoDraw = True
6.7626 	EXP 	Studyslider: autoDraw = True
7.2865 	DATA 	Mouse: Left button down, pos=(470,219)
7.3130 	EXP 	Studyslider: markerPos = np.float64(1.1851851851851851)
7.3297 	EXP 	Studyslider: markerPos = np.float64(1.1851851851851851)
7.3468 	EXP 	Studyslider: markerPos = np.float64(1.1851851851851851)
7.3634 	EXP 	Studyslider: markerPos = np.float64(1.1851851851851851)
7.3794 	EXP 	Studyslider: markerPos = np.float64(1.1851851851851851)
7.3811 	DATA 	Mouse:  Left button up, pos=(470,219)
7.3960 	EXP 	Studyslider: markerPos = np.float64(1.1851851851851851)
7.3966 	EXP 	New trial (rep=0, index=14): <Trial 14 (14 in rep 0) data={'Study_word': 'Pastry', 'thisN': 14, 'thisTrialN': 14, 'thisRepN': 0}>
7.4126 	EXP 	StudyText: autoDraw = False
7.4126 	EXP 	Studyslider: autoDraw = False
7.4126 	EXP 	StudyText: height = np.float64(0.05)
7.4126 	EXP 	StudyText: height = np.float64(0.05)
7.4126 	EXP 	StudyText: height = np.float64(0.05)
7.4126 	EXP 	StudyText: text = 'Pastry'
7.4126 	EXP 	Studyslider: markerPos = None
7.4126 	EXP 	Studyslider: markerPos = None
7.4126 	EXP 	StudyText: autoDraw = True
7.4126 	EXP 	Studyslider: autoDraw = True
7.7650 	DATA 	Mouse: Left button down, pos=(584,213)
7.7794 	EXP 	Studyslider: markerPos = np.float64(1.6074074074074074)
7.7960 	EXP 	Studyslider: markerPos = np.float64(1.6074074074074074)
7.8127 	EXP 	Studyslider: markerPos = np.float64(1.6074074074074074)
7.8295 	EXP 	Studyslider: markerPos = np.float64(1.6074074074074074)
7.8469 	EXP 	Studyslider: markerPos = np.float64(1.6074074074074074)
7.8485 	DATA 	Mouse:  Left button up, pos=(584,213)
7.8628 	EXP 	Studyslider: markerPos = np.float64(1.6074074074074074)
7.8668 	EXP 	Imported ConditionsFile_R2.csv as conditions, 20 conditions, 3 params
7.8671 	EXP 	New trial (rep=0, index=0): <Trial 0 (0 in rep 0) data={'test_word': 'T_hi_t', 'Reference': 'Tshirt', 'old_new': 'old', 'thisN': 0, 'thisTrialN': 0, 'thisRepN': 0}>
7.8791 	EXP 	StudyText: autoDraw = False
7.8791 	EXP 	Studyslider: autoDraw = False
7.8791 	EXP 	TestText: height = np.float64(0.05)
7.8791 	EXP 	TestText: height = np.float64(0.05)
7.8791 	EXP 	TestText: height = np.float64(0.05)
7.8791 	EXP 	TestText: text = 'T_hi_t'
7.8791 	EXP 	TestText: autoDraw = True
7.8791 	EXP 	textbox: autoDraw = True
7.8791 	EXP 	submit_text: autoDraw = True
8.1849 	DATA 	Mouse: Left button down, pos=(480,217)
8.2801 	DATA 	Mouse:  Left button up, pos=(480,217)
9.0138 	DATA 	Keypress: t
9.0228 	EXP 	Device response: <KeyPress from None: t=9.005174600053579, value=t, duration=None>
9.0995 	EXP 	Device response: <KeyPress from None: t=9.005174600053579, value=t, duration=0.0894360999809578>
9.2307 	DATA 	Keypress: s
9.2405 	EXP 	Device response: <KeyPress from None: t=9.226602000067942, value=s, duration=None>
9.3310 	DATA 	Keypress: h
9.3433 	EXP 	Device response: <KeyPress from None: t=9.322117500007153, value=h, duration=None>
9.3434 	EXP 	Device response: <KeyPress from None: t=9.226602000067942, value=s, duration=0.10843739996198565>
9.4136 	EXP 	Device response: <KeyPress from None: t=9.322117500007153, value=h, duration=0.08089400001335889>
9.4640 	DATA 	Keypress: i
9.4713 	EXP 	Device response: <KeyPress from None: t=9.457684300024994, value=i, duration=None>
9.4968 	DATA 	Keypress: r
9.5086 	EXP 	Device response: <KeyPress from None: t=9.486809800029732, value=r, duration=None>
9.5640 	EXP 	Device response: <KeyPress from None: t=9.457684300024994, value=i, duration=0.09524239995516837>
9.5807 	EXP 	Device response: <KeyPress from None: t=9.486809800029732, value=r, duration=0.08514610002748668>
9.6530 	DATA 	Keypress: t
9.6633 	EXP 	Device response: <KeyPress from None: t=9.651771900011227, value=t, duration=None>
9.7469 	EXP 	Device response: <KeyPress from None: t=9.651771900011227, value=t, duration=0.08182790002319962>
9.7632 	DATA 	Keypress: return
9.7642 	EXP 	Device response: <KeyPress from None: t=9.76177970005665, value=return, duration=None>
9.8642 	EXP 	Device response: <KeyPress from None: t=9.76177970005665, value=return, duration=0.09542799997143447>
10.2976 	DATA 	Keypress: backspace
10.2995 	EXP 	Device response: <KeyPress from None: t=10.292425399995409, value=backspace, duration=None>
10.3802 	DATA 	Keypress: capslock
10.3805 	EXP 	Device response: <KeyPress from None: t=10.292425399995409, value=backspace, duration=0.07292860001325607>
10.3805 	EXP 	Device response: <KeyPress from None: t=10.373912399983965, value=capslock, duration=None>
10.5148 	EXP 	Device response: <KeyPress from None: t=10.373912399983965, value=capslock, duration=0.13941980001982301>
11.4151 	DATA 	Mouse: Left button down, pos=(906,189)
11.4161 	EXP 	New trial (rep=0, index=1): <Trial 1 (1 in rep 0) data={'test_word': 'c_m_ra', 'Reference': 'Camera', 'old_new': 'new', 'thisN': 1, 'thisTrialN': 1, 'thisRepN': 0}>
11.4306 	EXP 	TestText: autoDraw = False
11.4306 	EXP 	textbox: autoDraw = False
11.4306 	EXP 	submit_text: autoDraw = False
11.4306 	EXP 	TestText: height = np.float64(0.05)
11.4306 	EXP 	TestText: height = np.float64(0.05)
11.4306 	EXP 	TestText: height = np.float64(0.05)
11.4306 	EXP 	TestText: text = 'c_m_ra'
11.4306 	EXP 	TestText: autoDraw = True
11.4306 	EXP 	textbox: autoDraw = True
11.4306 	EXP 	submit_text: autoDraw = True
11.5145 	DATA 	Mouse:  Left button up, pos=(906,189)
12.0640 	DATA 	Keypress: c
12.0702 	EXP 	Device response: <KeyPress from None: t=12.060841900063679, value=c, duration=None>
12.1644 	EXP 	Device response: <KeyPress from None: t=12.060841900063679, value=c, duration=0.09664190001785755>
12.3174 	DATA 	Keypress: a
12.3304 	EXP 	Device response: <KeyPress from None: t=12.314616900053807, value=a, duration=None>
12.4136 	EXP 	Device response: <KeyPress from None: t=12.314616900053807, value=a, duration=0.08323789993301034>
12.4217 	DATA 	Keypress: m
12.4308 	EXP 	Device response: <KeyPress from None: t=12.419248300022446, value=m, duration=None>
12.4991 	EXP 	Device response: <KeyPress from None: t=12.419248300022446, value=m, duration=0.07775469997432083>
12.5056 	DATA 	Keypress: e
12.5134 	EXP 	Device response: <KeyPress from None: t=12.504453500034288, value=e, duration=None>
12.5799 	EXP 	Device response: <KeyPress from None: t=12.504453500034288, value=e, duration=0.06569329998455942>
12.6303 	DATA 	Keypress: r
12.6321 	EXP 	Device response: <KeyPress from None: t=12.628923600073904, value=r, duration=None>
12.7139 	EXP 	Device response: <KeyPress from None: t=12.628923600073904, value=r, duration=0.08029099996201694>
13.0476 	DATA 	Mouse: Left button down, pos=(906,189)
13.0488 	EXP 	New trial (rep=0, index=2): <Trial 2 (2 in rep 0) data={'test_word': 'c_s_', 'Reference': 'Case', 'old_new': 'old', 'thisN': 2, 'thisTrialN': 2, 'thisRepN': 0}>
13.0623 	EXP 	TestText: autoDraw = False
13.0623 	EXP 	textbox: autoDraw = False
13.0623 	EXP 	submit_text: autoDraw = False
13.0623 	EXP 	TestText: height = np.float64(0.05)
13.0623 	EXP 	TestText: height = np.float64(0.05)
13.0623 	EXP 	TestText: height = np.float64(0.05)
13.0623 	EXP 	TestText: text = 'c_s_'
13.0623 	EXP 	TestText: autoDraw = True
13.0623 	EXP 	textbox: autoDraw = True
13.0623 	EXP 	submit_text: autoDraw = True
13.1650 	DATA 	Mouse:  Left button up, pos=(906,189)
13.9695 	DATA 	Keypress: c
13.9799 	EXP 	Device response: <KeyPress from None: t=13.964168600039557, value=c, duration=None>
14.0799 	EXP 	Device response: <KeyPress from None: t=13.964168600039557, value=c, duration=0.09988240001257509>
14.1639 	DATA 	Keypress: a
14.1666 	EXP 	Device response: <KeyPress from None: t=14.159233200014569, value=a, duration=None>
14.2475 	EXP 	Device response: <KeyPress from None: t=14.159233200014569, value=a, duration=0.08334040001500398>
14.3025 	DATA 	Keypress: s
14.3138 	EXP 	Device response: <KeyPress from None: t=14.29860420001205, value=s, duration=None>
14.3976 	EXP 	Device response: <KeyPress from None: t=14.29860420001205, value=s, duration=0.09727090003434569>
14.4300 	DATA 	Keypress: e
14.4317 	EXP 	Device response: <KeyPress from None: t=14.427725100074895, value=e, duration=None>
14.5145 	EXP 	Device response: <KeyPress from None: t=14.427725100074895, value=e, duration=0.08218399994075298>
14.8967 	DATA 	Mouse: Left button down, pos=(906,189)
14.8986 	EXP 	New trial (rep=0, index=3): <Trial 3 (3 in rep 0) data={'test_word': '_oo_', 'Reference': 'Book', 'old_new': 'old', 'thisN': 3, 'thisTrialN': 3, 'thisRepN': 0}>
14.9132 	EXP 	TestText: autoDraw = False
14.9132 	EXP 	textbox: autoDraw = False
14.9132 	EXP 	submit_text: autoDraw = False
14.9132 	EXP 	TestText: height = np.float64(0.05)
14.9132 	EXP 	TestText: height = np.float64(0.05)
14.9132 	EXP 	TestText: height = np.float64(0.05)
14.9132 	EXP 	TestText: text = '_oo_'
14.9132 	EXP 	TestText: autoDraw = True
14.9132 	EXP 	textbox: autoDraw = True
14.9132 	EXP 	submit_text: autoDraw = True
15.0297 	DATA 	Mouse:  Left button up, pos=(906,189)
15.7201 	DATA 	Keypress: b
15.7335 	EXP 	Device response: <KeyPress from None: t=15.717463299981318, value=b, duration=None>
15.7969 	DATA 	Keypress: o
15.8072 	EXP 	Device response: <KeyPress from None: t=15.787341500050388, value=o, duration=None>
15.8073 	EXP 	Device response: <KeyPress from None: t=15.717463299981318, value=b, duration=0.083439200068824>
15.8800 	EXP 	Device response: <KeyPress from None: t=15.787341500050388, value=o, duration=0.08031679992564023>
15.9473 	DATA 	Keypress: o
15.9489 	EXP 	Device response: <KeyPress from None: t=15.939718600013293, value=o, duration=None>
16.0468 	EXP 	Device response: <KeyPress from None: t=15.939718600013293, value=o, duration=0.10418759996537119>
16.0630 	DATA 	Keypress: k
16.0692 	EXP 	Device response: <KeyPress from None: t=16.051558100036345, value=k, duration=None>
16.1472 	EXP 	Device response: <KeyPress from None: t=16.051558100036345, value=k, duration=0.08370319998357445>
16.7369 	DATA 	Mouse: Left button down, pos=(906,189)
16.7465 	EXP 	New trial (rep=0, index=4): <Trial 4 (4 in rep 0) data={'test_word': 'v_s_', 'Reference': 'Vase', 'old_new': 'new', 'thisN': 4, 'thisTrialN': 4, 'thisRepN': 0}>
16.7624 	EXP 	TestText: autoDraw = False
16.7624 	EXP 	textbox: autoDraw = False
16.7624 	EXP 	submit_text: autoDraw = False
16.7624 	EXP 	TestText: height = np.float64(0.05)
16.7624 	EXP 	TestText: height = np.float64(0.05)
16.7624 	EXP 	TestText: height = np.float64(0.05)
16.7624 	EXP 	TestText: text = 'v_s_'
16.7624 	EXP 	TestText: autoDraw = True
16.7624 	EXP 	textbox: autoDraw = True
16.7624 	EXP 	submit_text: autoDraw = True
16.8363 	DATA 	Mouse:  Left button up, pos=(906,189)
17.7129 	DATA 	Keypress: c
17.7145 	EXP 	Device response: <KeyPress from None: t=17.711061600013636, value=c, duration=None>
17.7967 	EXP 	Device response: <KeyPress from None: t=17.711061600013636, value=c, duration=0.0713170999661088>
18.1025 	DATA 	Keypress: backspace
18.1134 	EXP 	Device response: <KeyPress from None: t=18.100193300051615, value=backspace, duration=None>
18.1969 	DATA 	Keypress: v
18.2048 	EXP 	Device response: <KeyPress from None: t=18.19356769998558, value=v, duration=None>
18.2303 	EXP 	Device response: <KeyPress from None: t=18.100193300051615, value=backspace, duration=0.12229899992235005>
18.2833 	EXP 	Device response: <KeyPress from None: t=18.19356769998558, value=v, duration=0.07942010008264333>
18.3969 	DATA 	Keypress: a
18.3986 	EXP 	Device response: <KeyPress from None: t=18.389426000067033, value=a, duration=None>
18.4966 	EXP 	Device response: <KeyPress from None: t=18.389426000067033, value=a, duration=0.09112819994334131>
18.5635 	DATA 	Keypress: s
18.5650 	EXP 	Device response: <KeyPress from None: t=18.553430299973115, value=s, duration=None>
18.6474 	EXP 	Device response: <KeyPress from None: t=18.553430299973115, value=s, duration=0.08600560005288571>
18.6967 	DATA 	Keypress: e
18.6987 	EXP 	Device response: <KeyPress from None: t=18.691680600051768, value=e, duration=None>
18.7811 	EXP 	Device response: <KeyPress from None: t=18.691680600051768, value=e, duration=0.08103659993503243>
19.2975 	DATA 	Mouse: Left button down, pos=(886,257)
19.3816 	DATA 	Mouse:  Left button up, pos=(886,257)
20.1346 	DATA 	Mouse: Left button down, pos=(886,238)
20.1463 	EXP 	New trial (rep=0, index=5): <Trial 5 (5 in rep 0) data={'test_word': '_ho_e', 'Reference': 'Phone', 'old_new': 'old', 'thisN': 5, 'thisTrialN': 5, 'thisRepN': 0}>
20.1626 	EXP 	TestText: autoDraw = False
20.1626 	EXP 	textbox: autoDraw = False
20.1626 	EXP 	submit_text: autoDraw = False
20.1626 	EXP 	TestText: height = np.float64(0.05)
20.1626 	EXP 	TestText: height = np.float64(0.05)
20.1626 	EXP 	TestText: height = np.float64(0.05)
20.1626 	EXP 	TestText: text = '_ho_e'
20.1626 	EXP 	TestText: autoDraw = True
20.1626 	EXP 	textbox: autoDraw = True
20.1626 	EXP 	submit_text: autoDraw = True
20.2480 	DATA 	Mouse:  Left button up, pos=(886,238)
26.8295 	DATA 	Keypress: c
26.8302 	EXP 	Device response: <KeyPress from None: t=26.818595400080085, value=c, duration=None>
26.9313 	DATA 	Keypress: h
26.9325 	EXP 	Device response: <KeyPress from None: t=26.818595400080085, value=c, duration=0.10423689999151975>
26.9325 	EXP 	Device response: <KeyPress from None: t=26.929858900024556, value=h, duration=None>
27.0135 	EXP 	Device response: <KeyPress from None: t=26.929858900024556, value=h, duration=0.07497329998295754>
27.0842 	DATA 	Keypress: o
27.0965 	EXP 	Device response: <KeyPress from None: t=27.08225430001039, value=o, duration=None>
27.1638 	DATA 	Keypress: r
27.1659 	EXP 	Device response: <KeyPress from None: t=27.159372300026007, value=r, duration=None>
27.1978 	EXP 	Device response: <KeyPress from None: t=27.08225430001039, value=o, duration=0.10279220005031675>
27.2474 	EXP 	Device response: <KeyPress from None: t=27.159372300026007, value=r, duration=0.07794920005835593>
27.2962 	DATA 	Keypress: e
27.2985 	EXP 	Device response: <KeyPress from None: t=27.292875400045887, value=e, duration=None>
27.3801 	EXP 	Device response: <KeyPress from None: t=27.292875400045887, value=e, duration=0.0788258999818936>
27.8795 	DATA 	Mouse: Left button down, pos=(886,238)
27.8816 	EXP 	New trial (rep=0, index=6): <Trial 6 (6 in rep 0) data={'test_word': '_ru_s_', 'Reference': 'Cruise', 'old_new': 'old', 'thisN': 6, 'thisTrialN': 6, 'thisRepN': 0}>
27.8959 	EXP 	TestText: autoDraw = False
27.8959 	EXP 	textbox: autoDraw = False
27.8959 	EXP 	submit_text: autoDraw = False
27.8959 	EXP 	TestText: height = np.float64(0.05)
27.8959 	EXP 	TestText: height = np.float64(0.05)
27.8959 	EXP 	TestText: height = np.float64(0.05)
27.8959 	EXP 	TestText: text = '_ru_s_'
27.8959 	EXP 	TestText: autoDraw = True
27.8959 	EXP 	textbox: autoDraw = True
27.8959 	EXP 	submit_text: autoDraw = True
28.0489 	DATA 	Mouse:  Left button up, pos=(886,238)
28.8641 	DATA 	Keypress: c
28.8653 	EXP 	Device response: <KeyPress from None: t=28.863235800061375, value=c, duration=None>
28.9828 	EXP 	Device response: <KeyPress from None: t=28.863235800061375, value=c, duration=0.1096055000089109>
29.0797 	DATA 	Keypress: r
29.0814 	EXP 	Device response: <KeyPress from None: t=29.077345500001684, value=r, duration=None>
29.1510 	DATA 	Keypress: u
29.1634 	EXP 	Device response: <KeyPress from None: t=29.1468320999993, value=u, duration=None>
29.1801 	EXP 	Device response: <KeyPress from None: t=29.077345500001684, value=r, duration=0.09952819999307394>
29.2304 	EXP 	Device response: <KeyPress from None: t=29.1468320999993, value=u, duration=0.08010210003703833>
29.3133 	DATA 	Keypress: i
29.3213 	EXP 	Device response: <KeyPress from None: t=29.30289360007737, value=i, duration=None>
29.3469 	DATA 	Keypress: s
29.3484 	EXP 	Device response: <KeyPress from None: t=29.338911300059408, value=s, duration=None>
29.3805 	EXP 	Device response: <KeyPress from None: t=29.30289360007737, value=i, duration=0.07622589997481555>
29.3975 	EXP 	Device response: <KeyPress from None: t=29.338911300059408, value=s, duration=0.05727260001003742>
29.4969 	DATA 	Keypress: e
29.4986 	EXP 	Device response: <KeyPress from None: t=29.48659610003233, value=e, duration=None>
29.5470 	EXP 	Device response: <KeyPress from None: t=29.48659610003233, value=e, duration=0.05869940004777163>
29.9807 	DATA 	Mouse: Left button down, pos=(886,238)
29.9827 	EXP 	New trial (rep=0, index=7): <Trial 7 (7 in rep 0) data={'test_word': 't_a_l_', 'Reference': 'Table', 'old_new': 'new', 'thisN': 7, 'thisTrialN': 7, 'thisRepN': 0}>
29.9994 	EXP 	TestText: autoDraw = False
29.9994 	EXP 	textbox: autoDraw = False
29.9994 	EXP 	submit_text: autoDraw = False
29.9994 	EXP 	TestText: height = np.float64(0.05)
29.9994 	EXP 	TestText: height = np.float64(0.05)
29.9994 	EXP 	TestText: height = np.float64(0.05)
29.9994 	EXP 	TestText: text = 't_a_l_'
29.9994 	EXP 	TestText: autoDraw = True
29.9994 	EXP 	textbox: autoDraw = True
29.9994 	EXP 	submit_text: autoDraw = True
30.1043 	DATA 	Mouse:  Left button up, pos=(886,238)
32.1122 	DATA 	Keypress: t
32.1152 	EXP 	Device response: <KeyPress from None: t=32.108294300036505, value=t, duration=None>
32.2129 	EXP 	Device response: <KeyPress from None: t=32.108294300036505, value=t, duration=0.09897579997777939>
32.3125 	DATA 	Keypress: r
32.3139 	EXP 	Device response: <KeyPress from None: t=32.29809360008221, value=r, duration=None>
32.3965 	EXP 	Device response: <KeyPress from None: t=32.29809360008221, value=r, duration=0.08760519989300519>
32.5626 	DATA 	Keypress: a
32.5634 	EXP 	Device response: <KeyPress from None: t=32.551991300075315, value=a, duration=None>
32.6625 	DATA 	Keypress: i
32.6636 	EXP 	Device response: <KeyPress from None: t=32.66026570007671, value=i, duration=None>
32.6795 	EXP 	Device response: <KeyPress from None: t=32.551991300075315, value=a, duration=0.12216719996649772>
32.7797 	EXP 	Device response: <KeyPress from None: t=32.66026570007671, value=i, duration=0.11164409993216395>
32.9956 	DATA 	Keypress: l
33.0003 	EXP 	Device response: <KeyPress from None: t=32.991635099984705, value=l, duration=None>
33.1130 	EXP 	Device response: <KeyPress from None: t=32.991635099984705, value=l, duration=0.11027160007506609>
33.1478 	DATA 	Keypress: s
33.1624 	EXP 	Device response: <KeyPress from None: t=33.14642940007616, value=s, duration=None>
33.2290 	EXP 	Device response: <KeyPress from None: t=33.14642940007616, value=s, duration=0.08053029992152005>
33.7797 	DATA 	Mouse: Left button down, pos=(886,238)
33.7804 	EXP 	New trial (rep=0, index=8): <Trial 8 (8 in rep 0) data={'test_word': '_ou_e', 'Reference': 'Mouse', 'old_new': 'old', 'thisN': 8, 'thisTrialN': 8, 'thisRepN': 0}>
33.7956 	EXP 	TestText: autoDraw = False
33.7956 	EXP 	textbox: autoDraw = False
33.7956 	EXP 	submit_text: autoDraw = False
33.7956 	EXP 	TestText: height = np.float64(0.05)
33.7956 	EXP 	TestText: height = np.float64(0.05)
33.7956 	EXP 	TestText: height = np.float64(0.05)
33.7956 	EXP 	TestText: text = '_ou_e'
33.7956 	EXP 	TestText: autoDraw = True
33.7956 	EXP 	textbox: autoDraw = True
33.7956 	EXP 	submit_text: autoDraw = True
33.8962 	DATA 	Mouse:  Left button up, pos=(886,238)
34.5460 	DATA 	Keypress: m
34.5467 	EXP 	Device response: <KeyPress from None: t=34.53796390001662, value=m, duration=None>
34.6463 	EXP 	Device response: <KeyPress from None: t=34.53796390001662, value=m, duration=0.10266700002830476>
34.6958 	DATA 	Keypress: o
34.6967 	EXP 	Device response: <KeyPress from None: t=34.69255470007192, value=o, duration=None>
34.7958 	EXP 	Device response: <KeyPress from None: t=34.69255470007192, value=o, duration=0.10134669998660684>
34.8963 	DATA 	Keypress: u
34.8979 	EXP 	Device response: <KeyPress from None: t=34.886734800064005, value=u, duration=None>
34.9291 	DATA 	Keypress: s
34.9305 	EXP 	Device response: <KeyPress from None: t=34.920145399984904, value=s, duration=None>
34.9793 	EXP 	Device response: <KeyPress from None: t=34.886734800064005, value=u, duration=0.07977660000324249>
35.0130 	EXP 	Device response: <KeyPress from None: t=34.920145399984904, value=s, duration=0.0828318001003936>
35.0792 	DATA 	Keypress: e
35.0803 	EXP 	Device response: <KeyPress from None: t=35.06933800003026, value=e, duration=None>
35.1462 	EXP 	Device response: <KeyPress from None: t=35.06933800003026, value=e, duration=0.07173059997148812>
35.5680 	DATA 	Mouse: Left button down, pos=(886,238)
35.5798 	EXP 	New trial (rep=0, index=9): <Trial 9 (9 in rep 0) data={'test_word': 'c_s_io_', 'Reference': 'Cushion', 'old_new': 'old', 'thisN': 9, 'thisTrialN': 9, 'thisRepN': 0}>
35.5953 	EXP 	TestText: autoDraw = False
35.5953 	EXP 	textbox: autoDraw = False
35.5953 	EXP 	submit_text: autoDraw = False
35.5953 	EXP 	TestText: height = np.float64(0.05)
35.5953 	EXP 	TestText: height = np.float64(0.05)
35.5953 	EXP 	TestText: height = np.float64(0.05)
35.5953 	EXP 	TestText: text = 'c_s_io_'
35.5953 	EXP 	TestText: autoDraw = True
35.5953 	EXP 	textbox: autoDraw = True
35.5953 	EXP 	submit_text: autoDraw = True
35.6793 	DATA 	Mouse:  Left button up, pos=(886,238)
36.6794 	DATA 	Keypress: c
36.6800 	EXP 	Device response: <KeyPress from None: t=36.67897210002411, value=c, duration=None>
36.7954 	EXP 	Device response: <KeyPress from None: t=36.67897210002411, value=c, duration=0.10109220002777874>
36.8291 	DATA 	Keypress: u
36.8302 	EXP 	Device response: <KeyPress from None: t=36.82122130005155, value=u, duration=None>
36.9148 	DATA 	Keypress: s
36.9294 	EXP 	Device response: <KeyPress from None: t=36.912545799976215, value=s, duration=None>
36.9294 	EXP 	Device response: <KeyPress from None: t=36.82122130005155, value=u, duration=0.10646489995997399>
37.0125 	EXP 	Device response: <KeyPress from None: t=36.912545799976215, value=s, duration=0.09447290003299713>
37.0957 	DATA 	Keypress: h
37.0969 	EXP 	Device response: <KeyPress from None: t=37.09011190000456, value=h, duration=None>
37.1963 	EXP 	Device response: <KeyPress from None: t=37.09011190000456, value=h, duration=0.09686779999174178>
37.2487 	DATA 	Keypress: i
37.2622 	EXP 	Device response: <KeyPress from None: t=37.24822700000368, value=i, duration=None>
37.3462 	EXP 	Device response: <KeyPress from None: t=37.24822700000368, value=i, duration=0.08893550001084805>
37.4294 	DATA 	Keypress: o
37.4309 	EXP 	Device response: <KeyPress from None: t=37.419550599996, value=o, duration=None>
37.5124 	EXP 	Device response: <KeyPress from None: t=37.419550599996, value=o, duration=0.0898958999896422>
37.5657 	DATA 	Keypress: n
37.5792 	EXP 	Device response: <KeyPress from None: t=37.564477500040084, value=n, duration=None>
37.6789 	EXP 	Device response: <KeyPress from None: t=37.564477500040084, value=n, duration=0.10025459993630648>
38.5840 	DATA 	Mouse: Left button down, pos=(886,238)
38.5958 	EXP 	New trial (rep=0, index=10): <Trial 10 (10 in rep 0) data={'test_word': 'p_nc_l', 'Reference': 'Pencil', 'old_new': 'new', 'thisN': 10, 'thisTrialN': 10, 'thisRepN': 0}>
38.6120 	EXP 	TestText: autoDraw = False
38.6120 	EXP 	textbox: autoDraw = False
38.6120 	EXP 	submit_text: autoDraw = False
38.6120 	EXP 	TestText: height = np.float64(0.05)
38.6120 	EXP 	TestText: height = np.float64(0.05)
38.6120 	EXP 	TestText: height = np.float64(0.05)
38.6120 	EXP 	TestText: text = 'p_nc_l'
38.6120 	EXP 	TestText: autoDraw = True
38.6120 	EXP 	textbox: autoDraw = True
38.6120 	EXP 	submit_text: autoDraw = True
38.7341 	DATA 	Mouse:  Left button up, pos=(886,238)
39.3468 	DATA 	Keypress: p
39.3484 	EXP 	Device response: <KeyPress from None: t=39.33835950004868, value=p, duration=None>
39.4460 	EXP 	Device response: <KeyPress from None: t=39.33835950004868, value=p, duration=0.0919749999884516>
39.4631 	DATA 	Keypress: e
39.4651 	EXP 	Device response: <KeyPress from None: t=39.45325780007988, value=e, duration=None>
39.5627 	EXP 	Device response: <KeyPress from None: t=39.45325780007988, value=e, duration=0.09447639994323254>
39.5792 	DATA 	Keypress: n
39.5806 	EXP 	Device response: <KeyPress from None: t=39.572447600075975, value=n, duration=None>
39.6793 	EXP 	Device response: <KeyPress from None: t=39.572447600075975, value=n, duration=0.09343489992897958>
39.7296 	DATA 	Keypress: c
39.7316 	EXP 	Device response: <KeyPress from None: t=39.724670200026594, value=c, duration=None>
39.8294 	EXP 	Device response: <KeyPress from None: t=39.724670200026594, value=c, duration=0.0891455999808386>
39.8626 	DATA 	Keypress: i
39.8641 	EXP 	Device response: <KeyPress from None: t=39.85525660007261, value=i, duration=None>
39.9461 	EXP 	Device response: <KeyPress from None: t=39.85525660007261, value=i, duration=0.0746416999027133>
40.0465 	DATA 	Keypress: l
40.0489 	EXP 	Device response: <KeyPress from None: t=40.039151199976914, value=l, duration=None>
40.1298 	EXP 	Device response: <KeyPress from None: t=40.039151199976914, value=l, duration=0.08230400003958493>
41.9673 	DATA 	Mouse: Left button down, pos=(896,215)
41.9800 	EXP 	New trial (rep=0, index=11): <Trial 11 (11 in rep 0) data={'test_word': 'P_li_e', 'Reference': 'Police', 'old_new': 'old', 'thisN': 11, 'thisTrialN': 11, 'thisRepN': 0}>
41.9953 	EXP 	TestText: autoDraw = False
41.9953 	EXP 	textbox: autoDraw = False
41.9953 	EXP 	submit_text: autoDraw = False
41.9953 	EXP 	TestText: height = np.float64(0.05)
41.9953 	EXP 	TestText: height = np.float64(0.05)
41.9953 	EXP 	TestText: height = np.float64(0.05)
41.9953 	EXP 	TestText: text = 'P_li_e'
41.9953 	EXP 	TestText: autoDraw = True
41.9953 	EXP 	textbox: autoDraw = True
41.9953 	EXP 	submit_text: autoDraw = True
42.1141 	DATA 	Mouse:  Left button up, pos=(896,215)
42.6030 	DATA 	Keypress: p
42.6124 	EXP 	Device response: <KeyPress from None: t=42.60067150008399, value=p, duration=None>
42.7154 	EXP 	Device response: <KeyPress from None: t=42.60067150008399, value=p, duration=0.10187209991272539>
42.7855 	DATA 	Keypress: o
42.7962 	EXP 	Device response: <KeyPress from None: t=42.784858600003645, value=o, duration=None>
42.8641 	EXP 	Device response: <KeyPress from None: t=42.784858600003645, value=o, duration=0.06888679997064173>
42.9512 	DATA 	Keypress: l
42.9627 	EXP 	Device response: <KeyPress from None: t=42.94656670000404, value=l, duration=None>
43.0135 	EXP 	Device response: <KeyPress from None: t=42.94656670000404, value=l, duration=0.06116759998258203>
43.1127 	DATA 	Keypress: i
43.1146 	EXP 	Device response: <KeyPress from None: t=43.103692100034095, value=i, duration=None>
43.1460 	DATA 	Keypress: c
43.1486 	EXP 	Device response: <KeyPress from None: t=43.14339540002402, value=c, duration=None>
43.1800 	EXP 	Device response: <KeyPress from None: t=43.103692100034095, value=i, duration=0.07219129998702556>
43.2312 	EXP 	Device response: <KeyPress from None: t=43.14339540002402, value=c, duration=0.08586989995092154>
43.3128 	DATA 	Keypress: e
43.3146 	EXP 	Device response: <KeyPress from None: t=43.31159150006715, value=e, duration=None>
43.3797 	EXP 	Device response: <KeyPress from None: t=43.31159150006715, value=e, duration=0.061839799978770316>
43.8291 	DATA 	Mouse: Left button down, pos=(896,215)
43.8311 	EXP 	New trial (rep=0, index=12): <Trial 12 (12 in rep 0) data={'test_word': 'bo_t_e', 'Reference': 'Bottle', 'old_new': 'new', 'thisN': 12, 'thisTrialN': 12, 'thisRepN': 0}>
43.8457 	EXP 	TestText: autoDraw = False
43.8457 	EXP 	textbox: autoDraw = False
43.8457 	EXP 	submit_text: autoDraw = False
43.8457 	EXP 	TestText: height = np.float64(0.05)
43.8457 	EXP 	TestText: height = np.float64(0.05)
43.8457 	EXP 	TestText: height = np.float64(0.05)
43.8457 	EXP 	TestText: text = 'bo_t_e'
43.8457 	EXP 	TestText: autoDraw = True
43.8457 	EXP 	textbox: autoDraw = True
43.8457 	EXP 	submit_text: autoDraw = True
43.9476 	DATA 	Mouse:  Left button up, pos=(896,215)
44.6682 	DATA 	Keypress: b
44.6792 	EXP 	Device response: <KeyPress from None: t=44.66763639997225, value=b, duration=None>
44.7827 	EXP 	Device response: <KeyPress from None: t=44.66763639997225, value=b, duration=0.10680470010265708>
44.7883 	DATA 	Keypress: o
44.7958 	EXP 	Device response: <KeyPress from None: t=44.7859609000152, value=o, duration=None>
44.8955 	EXP 	Device response: <KeyPress from None: t=44.7859609000152, value=o, duration=0.10890240001026541>
44.9292 	DATA 	Keypress: t
44.9304 	EXP 	Device response: <KeyPress from None: t=44.92428490007296, value=t, duration=None>
45.0129 	EXP 	Device response: <KeyPress from None: t=44.92428490007296, value=t, duration=0.0788141000084579>
45.0838 	DATA 	Keypress: t
45.0962 	EXP 	Device response: <KeyPress from None: t=45.08015040005557, value=t, duration=None>
45.1798 	EXP 	Device response: <KeyPress from None: t=45.08015040005557, value=t, duration=0.09123379993252456>
45.1964 	DATA 	Keypress: l
45.1980 	EXP 	Device response: <KeyPress from None: t=45.195353600080125, value=l, duration=None>
45.2795 	DATA 	Keypress: e
45.2813 	EXP 	Device response: <KeyPress from None: t=45.268643900053576, value=e, duration=None>
45.2972 	EXP 	Device response: <KeyPress from None: t=45.195353600080125, value=l, duration=0.10048469994217157>
45.3460 	EXP 	Device response: <KeyPress from None: t=45.268643900053576, value=e, duration=0.06370800000149757>
46.1464 	DATA 	Mouse: Left button down, pos=(896,215)
46.1478 	EXP 	New trial (rep=0, index=13): <Trial 13 (13 in rep 0) data={'test_word': '_a_bl_', 'Reference': 'Marble', 'old_new': 'old', 'thisN': 13, 'thisTrialN': 13, 'thisRepN': 0}>
46.1616 	EXP 	TestText: autoDraw = False
46.1616 	EXP 	textbox: autoDraw = False
46.1616 	EXP 	submit_text: autoDraw = False
46.1616 	EXP 	TestText: height = np.float64(0.05)
46.1616 	EXP 	TestText: height = np.float64(0.05)
46.1616 	EXP 	TestText: height = np.float64(0.05)
46.1616 	EXP 	TestText: text = '_a_bl_'
46.1616 	EXP 	TestText: autoDraw = True
46.1616 	EXP 	textbox: autoDraw = True
46.1616 	EXP 	submit_text: autoDraw = True
46.2645 	DATA 	Mouse:  Left button up, pos=(896,215)
47.1457 	DATA 	Keypress: m
47.1466 	EXP 	Device response: <KeyPress from None: t=47.14099340001121, value=m, duration=None>
47.2126 	DATA 	Keypress: a
47.2141 	EXP 	Device response: <KeyPress from None: t=47.205334400059655, value=a, duration=None>
47.2827 	EXP 	Device response: <KeyPress from None: t=47.14099340001121, value=m, duration=0.12971630005631596>
47.2961 	EXP 	Device response: <KeyPress from None: t=47.205334400059655, value=a, duration=0.07849059998989105>
47.3993 	DATA 	Keypress: r
47.4120 	EXP 	Device response: <KeyPress from None: t=47.395870100008324, value=r, duration=None>
47.4796 	EXP 	Device response: <KeyPress from None: t=47.395870100008324, value=r, duration=0.07354550005402416>
47.4845 	DATA 	Keypress: b
47.4953 	EXP 	Device response: <KeyPress from None: t=47.48321950004902, value=b, duration=None>
47.5626 	EXP 	Device response: <KeyPress from None: t=47.48321950004902, value=b, duration=0.0653531999560073>
47.6459 	DATA 	Keypress: l
47.6477 	EXP 	Device response: <KeyPress from None: t=47.63602610002272, value=l, duration=None>
47.7189 	DATA 	Keypress: e
47.7292 	EXP 	Device response: <KeyPress from None: t=47.71666280005593, value=e, duration=None>
47.7458 	EXP 	Device response: <KeyPress from None: t=47.63602610002272, value=l, duration=0.0941659000236541>
47.7971 	EXP 	Device response: <KeyPress from None: t=47.71666280005593, value=e, duration=0.0758088999427855>
48.1850 	DATA 	Mouse: Left button down, pos=(896,215)
48.1959 	EXP 	New trial (rep=0, index=14): <Trial 14 (14 in rep 0) data={'test_word': 'l_pt_p', 'Reference': 'Laptop', 'old_new': 'old', 'thisN': 14, 'thisTrialN': 14, 'thisRepN': 0}>
48.2122 	EXP 	TestText: autoDraw = False
48.2122 	EXP 	textbox: autoDraw = False
48.2122 	EXP 	submit_text: autoDraw = False
48.2122 	EXP 	TestText: height = np.float64(0.05)
48.2122 	EXP 	TestText: height = np.float64(0.05)
48.2122 	EXP 	TestText: height = np.float64(0.05)
48.2122 	EXP 	TestText: text = 'l_pt_p'
48.2122 	EXP 	TestText: autoDraw = True
48.2122 	EXP 	textbox: autoDraw = True
48.2122 	EXP 	submit_text: autoDraw = True
48.3204 	DATA 	Mouse:  Left button up, pos=(896,215)
48.8544 	DATA 	Keypress: l
48.8625 	EXP 	Device response: <KeyPress from None: t=48.848267600056715, value=l, duration=None>
48.9457 	DATA 	Keypress: a
48.9474 	EXP 	Device response: <KeyPress from None: t=48.94408100005239, value=a, duration=None>
48.9629 	EXP 	Device response: <KeyPress from None: t=48.848267600056715, value=l, duration=0.10833959991578013>
49.0456 	EXP 	Device response: <KeyPress from None: t=48.94408100005239, value=a, duration=0.08930829993914813>
49.0793 	DATA 	Keypress: p
49.0814 	EXP 	Device response: <KeyPress from None: t=49.07456320000347, value=p, duration=None>
49.1960 	EXP 	Device response: <KeyPress from None: t=49.07456320000347, value=p, duration=0.11747060006018728>
49.3459 	DATA 	Keypress: t
49.3480 	EXP 	Device response: <KeyPress from None: t=49.341507000033744, value=t, duration=None>
49.4469 	EXP 	Device response: <KeyPress from None: t=49.341507000033744, value=t, duration=0.10004040005151182>
49.4528 	DATA 	Keypress: o
49.4620 	EXP 	Device response: <KeyPress from None: t=49.44965249998495, value=o, duration=None>
49.5124 	EXP 	Device response: <KeyPress from None: t=49.44965249998495, value=o, duration=0.05128780007362366>
49.5823 	DATA 	Keypress: p
49.5957 	EXP 	Device response: <KeyPress from None: t=49.58070310007315, value=p, duration=None>
49.6801 	EXP 	Device response: <KeyPress from None: t=49.58070310007315, value=p, duration=0.090670199948363>
50.9658 	DATA 	Mouse: Left button down, pos=(896,215)
50.9787 	EXP 	New trial (rep=0, index=15): <Trial 15 (15 in rep 0) data={'test_word': 'P_str_', 'Reference': 'Pastry', 'old_new': 'old', 'thisN': 15, 'thisTrialN': 15, 'thisRepN': 0}>
50.9949 	EXP 	TestText: autoDraw = False
50.9949 	EXP 	textbox: autoDraw = False
50.9949 	EXP 	submit_text: autoDraw = False
50.9949 	EXP 	TestText: height = np.float64(0.05)
50.9949 	EXP 	TestText: height = np.float64(0.05)
50.9949 	EXP 	TestText: height = np.float64(0.05)
50.9949 	EXP 	TestText: text = 'P_str_'
50.9949 	EXP 	TestText: autoDraw = True
50.9949 	EXP 	textbox: autoDraw = True
50.9949 	EXP 	submit_text: autoDraw = True
51.1139 	DATA 	Mouse:  Left button up, pos=(896,215)
51.7221 	DATA 	Keypress: p
51.7288 	EXP 	Device response: <KeyPress from None: t=51.715406300034374, value=p, duration=None>
51.8139 	EXP 	Device response: <KeyPress from None: t=51.715406300034374, value=p, duration=0.08975980000104755>
52.1459 	DATA 	Keypress: a
52.1478 	EXP 	Device response: <KeyPress from None: t=52.14294420008082, value=a, duration=None>
52.2456 	EXP 	Device response: <KeyPress from None: t=52.14294420008082, value=a, duration=0.0868607999291271>
52.3136 	DATA 	Keypress: s
52.3154 	EXP 	Device response: <KeyPress from None: t=52.304716099984944, value=s, duration=None>
52.3973 	EXP 	Device response: <KeyPress from None: t=52.304716099984944, value=s, duration=0.08789750002324581>
52.5339 	DATA 	Keypress: t
52.5455 	EXP 	Device response: <KeyPress from None: t=52.53047090000473, value=t, duration=None>
52.6293 	EXP 	Device response: <KeyPress from None: t=52.53047090000473, value=t, duration=0.09304000006522983>
52.6787 	DATA 	Keypress: r
52.6806 	EXP 	Device response: <KeyPress from None: t=52.67086479999125, value=r, duration=None>
52.7626 	EXP 	Device response: <KeyPress from None: t=52.67086479999125, value=r, duration=0.08321730000898242>
52.8461 	DATA 	Keypress: y
52.8479 	EXP 	Device response: <KeyPress from None: t=52.83728139998857, value=y, duration=None>
52.9292 	EXP 	Device response: <KeyPress from None: t=52.83728139998857, value=y, duration=0.07595600001513958>
53.2854 	DATA 	Mouse: Left button down, pos=(896,215)
53.2959 	EXP 	New trial (rep=0, index=16): <Trial 16 (16 in rep 0) data={'test_word': '_ha_t', 'Reference': 'Chart', 'old_new': 'old', 'thisN': 16, 'thisTrialN': 16, 'thisRepN': 0}>
53.3116 	EXP 	TestText: autoDraw = False
53.3116 	EXP 	textbox: autoDraw = False
53.3116 	EXP 	submit_text: autoDraw = False
53.3116 	EXP 	TestText: height = np.float64(0.05)
53.3116 	EXP 	TestText: height = np.float64(0.05)
53.3116 	EXP 	TestText: height = np.float64(0.05)
53.3116 	EXP 	TestText: text = '_ha_t'
53.3116 	EXP 	TestText: autoDraw = True
53.3116 	EXP 	textbox: autoDraw = True
53.3116 	EXP 	submit_text: autoDraw = True
53.4143 	DATA 	Mouse:  Left button up, pos=(896,215)
54.4124 	DATA 	Keypress: c
54.4148 	EXP 	Device response: <KeyPress from None: t=54.41085420001764, value=c, duration=None>
54.5122 	DATA 	Keypress: h
54.5138 	EXP 	Device response: <KeyPress from None: t=54.41085420001764, value=c, duration=0.0874905000673607>
54.5139 	EXP 	Device response: <KeyPress from None: t=54.511227900045924, value=h, duration=None>
54.6124 	EXP 	Device response: <KeyPress from None: t=54.511227900045924, value=h, duration=0.08774959994480014>
54.6348 	DATA 	Keypress: a
54.6455 	EXP 	Device response: <KeyPress from None: t=54.63338920008391, value=a, duration=None>
54.7289 	EXP 	Device response: <KeyPress from None: t=54.63338920008391, value=a, duration=0.07991969992872328>
54.8461 	DATA 	Keypress: r
54.8478 	EXP 	Device response: <KeyPress from None: t=54.842437500017695, value=r, duration=None>
54.9292 	EXP 	Device response: <KeyPress from None: t=54.842437500017695, value=r, duration=0.0785535000031814>
55.0128 	DATA 	Keypress: t
55.0153 	EXP 	Device response: <KeyPress from None: t=55.00333209999371, value=t, duration=None>
55.1123 	EXP 	Device response: <KeyPress from None: t=55.00333209999371, value=t, duration=0.09595260000787675>
55.6129 	DATA 	Mouse: Left button down, pos=(896,215)
55.6144 	EXP 	New trial (rep=0, index=17): <Trial 17 (17 in rep 0) data={'test_word': '_o_rd', 'Reference': 'Board', 'old_new': 'old', 'thisN': 17, 'thisTrialN': 17, 'thisRepN': 0}>
55.6280 	EXP 	TestText: autoDraw = False
55.6280 	EXP 	textbox: autoDraw = False
55.6280 	EXP 	submit_text: autoDraw = False
55.6280 	EXP 	TestText: height = np.float64(0.05)
55.6280 	EXP 	TestText: height = np.float64(0.05)
55.6280 	EXP 	TestText: height = np.float64(0.05)
55.6280 	EXP 	TestText: text = '_o_rd'
55.6280 	EXP 	TestText: autoDraw = True
55.6280 	EXP 	textbox: autoDraw = True
55.6280 	EXP 	submit_text: autoDraw = True
55.7299 	DATA 	Mouse:  Left button up, pos=(896,215)
57.5864 	DATA 	Keypress: c
57.5952 	EXP 	Device response: <KeyPress from None: t=57.58163769997191, value=c, duration=None>
57.6968 	EXP 	Device response: <KeyPress from None: t=57.58163769997191, value=c, duration=0.10953190003056079>
58.4283 	DATA 	Keypress: backspace
58.4289 	EXP 	Device response: <KeyPress from None: t=58.418465499999, value=backspace, duration=None>
58.5782 	EXP 	Device response: <KeyPress from None: t=58.418465499999, value=backspace, duration=0.14923570002429187>
59.6792 	DATA 	Keypress: b
59.6800 	EXP 	Device response: <KeyPress from None: t=59.678624500054866, value=b, duration=None>
59.7952 	EXP 	Device response: <KeyPress from None: t=59.678624500054866, value=b, duration=0.10078769992105663>
59.8785 	DATA 	Keypress: o
59.8796 	EXP 	Device response: <KeyPress from None: t=59.87666559999343, value=o, duration=None>
59.9283 	DATA 	Keypress: a
59.9292 	EXP 	Device response: <KeyPress from None: t=59.924410599982366, value=a, duration=None>
59.9623 	EXP 	Device response: <KeyPress from None: t=59.87666559999343, value=o, duration=0.0729697000933811>
60.0114 	EXP 	Device response: <KeyPress from None: t=59.924410599982366, value=a, duration=0.07380630006082356>
60.1119 	DATA 	Keypress: r
60.1125 	EXP 	Device response: <KeyPress from None: t=60.104845600086264, value=r, duration=None>
60.1954 	EXP 	Device response: <KeyPress from None: t=60.104845600086264, value=r, duration=0.08489549998193979>
60.2483 	DATA 	Keypress: d
60.2621 	EXP 	Device response: <KeyPress from None: t=60.24709379998967, value=d, duration=None>
60.3455 	EXP 	Device response: <KeyPress from None: t=60.24709379998967, value=d, duration=0.09779540007002652>
60.7293 	DATA 	Mouse: Left button down, pos=(896,215)
60.7302 	EXP 	New trial (rep=0, index=18): <Trial 18 (18 in rep 0) data={'test_word': 'P_st_r', 'Reference': 'Poster', 'old_new': 'old', 'thisN': 18, 'thisTrialN': 18, 'thisRepN': 0}>
60.7444 	EXP 	TestText: autoDraw = False
60.7444 	EXP 	textbox: autoDraw = False
60.7444 	EXP 	submit_text: autoDraw = False
60.7444 	EXP 	TestText: height = np.float64(0.05)
60.7444 	EXP 	TestText: height = np.float64(0.05)
60.7444 	EXP 	TestText: height = np.float64(0.05)
60.7444 	EXP 	TestText: text = 'P_st_r'
60.7444 	EXP 	TestText: autoDraw = True
60.7444 	EXP 	textbox: autoDraw = True
60.7444 	EXP 	submit_text: autoDraw = True
60.8626 	DATA 	Mouse:  Left button up, pos=(896,215)
61.4781 	DATA 	Keypress: p
61.4787 	EXP 	Device response: <KeyPress from None: t=61.47588360006921, value=p, duration=None>
61.5948 	EXP 	Device response: <KeyPress from None: t=61.47588360006921, value=p, duration=0.10258049995172769>
61.6788 	DATA 	Keypress: o
61.6801 	EXP 	Device response: <KeyPress from None: t=61.66998640005477, value=o, duration=None>
61.7285 	DATA 	Keypress: s
61.7292 	EXP 	Device response: <KeyPress from None: t=61.72383849998005, value=s, duration=None>
61.7624 	EXP 	Device response: <KeyPress from None: t=61.66998640005477, value=o, duration=0.08751959993969649>
61.8124 	EXP 	Device response: <KeyPress from None: t=61.72383849998005, value=s, duration=0.0825702000875026>
61.9154 	DATA 	Keypress: t
61.9286 	EXP 	Device response: <KeyPress from None: t=61.914403400034644, value=t, duration=None>
61.9791 	EXP 	Device response: <KeyPress from None: t=61.914403400034644, value=t, duration=0.0638461000053212>
62.0509 	DATA 	Keypress: e
62.0621 	EXP 	Device response: <KeyPress from None: t=62.05061989999376, value=e, duration=None>
62.1450 	EXP 	Device response: <KeyPress from None: t=62.05061989999376, value=e, duration=0.08046610001474619>
62.1786 	DATA 	Keypress: r
62.1794 	EXP 	Device response: <KeyPress from None: t=62.178114200010896, value=r, duration=None>
62.2791 	EXP 	Device response: <KeyPress from None: t=62.178114200010896, value=r, duration=0.08457760000601411>
62.6125 	DATA 	Mouse: Left button down, pos=(896,215)
62.6135 	EXP 	New trial (rep=0, index=19): <Trial 19 (19 in rep 0) data={'test_word': 'K_y_', 'Reference': 'Keys', 'old_new': 'old', 'thisN': 19, 'thisTrialN': 19, 'thisRepN': 0}>
62.6284 	EXP 	TestText: autoDraw = False
62.6284 	EXP 	textbox: autoDraw = False
62.6284 	EXP 	submit_text: autoDraw = False
62.6284 	EXP 	TestText: height = np.float64(0.05)
62.6284 	EXP 	TestText: height = np.float64(0.05)
62.6284 	EXP 	TestText: height = np.float64(0.05)
62.6284 	EXP 	TestText: text = 'K_y_'
62.6284 	EXP 	TestText: autoDraw = True
62.6284 	EXP 	textbox: autoDraw = True
62.6284 	EXP 	submit_text: autoDraw = True
62.7289 	DATA 	Mouse:  Left button up, pos=(896,215)
63.4118 	DATA 	Keypress: k
63.4125 	EXP 	Device response: <KeyPress from None: t=63.399267000029795, value=k, duration=None>
63.4948 	DATA 	Keypress: e
63.4954 	EXP 	Device response: <KeyPress from None: t=63.48355780006386, value=e, duration=None>
63.5121 	EXP 	Device response: <KeyPress from None: t=63.399267000029795, value=k, duration=0.10086879995651543>
63.5785 	EXP 	Device response: <KeyPress from None: t=63.48355780006386, value=e, duration=0.08808699995279312>
63.6280 	DATA 	Keypress: y
63.6289 	EXP 	Device response: <KeyPress from None: t=63.62606460007373, value=y, duration=None>
63.7281 	DATA 	Keypress: s
63.7290 	EXP 	Device response: <KeyPress from None: t=63.62606460007373, value=y, duration=0.0886778999119997>
63.7290 	EXP 	Device response: <KeyPress from None: t=63.725672799977474, value=s, duration=None>
63.7623 	EXP 	Device response: <KeyPress from None: t=63.725672799977474, value=s, duration=0.025831200066022575>
64.1455 	DATA 	Mouse: Left button down, pos=(896,215)
64.1622 	EXP 	TestText: autoDraw = False
64.1622 	EXP 	textbox: autoDraw = False
64.1622 	EXP 	submit_text: autoDraw = False
64.1624 	EXP 	WordPriming_Experiment: status = STOPPED
64.1773 	INFO 	saved data to 'C:\\Users\\Darsh Modi\\OneDrive\\Documents\\AU\\PSY310\\WordPriming\\data\\P005_WordPriming_Experiment_2025-10-14_17h22.06.131.csv'
64.1793 	INFO 	saved data to C:\Users\Darsh Modi\OneDrive\Documents\AU\PSY310\WordPriming\data\P005_WordPriming_Experiment_2025-10-14_17h22.06.131.psydat
64.4261 	WARNING 	Stopping key buffers but this could be dangerous ifother keyboards rely on the same.
